// Auto-generated by Perses AST.
// DO NOT MODIFY.
grammar test_grammar_5_PnfPassManager_output;



start
    : optional__start_2 'c'
    ;

aux_rule__start_1
    : a='b'
    ;

optional__start_2
    : aux_rule__start_1?
    ;

